// Jest Snapshot v1, https://goo.gl/fbAQLP

exports[`ButtonGroup 1`] = `
<div
  className="m-button-group"
>
  <button
    autoFocus={true}
    className="a-button"
    disabled={undefined}
    onClick={[Function]}
    style={undefined}
    tabIndex={undefined}
    type="button"
  >
    bla
  </button>
  <button
    autoFocus={true}
    className="a-button"
    disabled={undefined}
    onClick={[Function]}
    style={undefined}
    tabIndex={undefined}
    type="button"
  >
    bli
  </button>
</div>
`;

exports[`ButtonGroup with wrong children 1`] = `
<div
  className="m-button-group"
>
  <button
    autoFocus={true}
    className="a-button"
    disabled={undefined}
    onClick={[Function]}
    style={undefined}
    tabIndex={undefined}
    type="button"
  >
    bla
  </button>
</div>
`;

exports[`ButtonGroup without children 1`] = `
<div
  className="m-button-group"
/>
`;
